============================= test session starts =============================
platform win32 -- Python 3.13.7, pytest-9.0.2, pluggy-1.6.0
benchmark: 5.2.3 (defaults: timer=time.perf_counter disable_gc=False min_rounds=5 min_time=0.000005 max_time=1.0 calibration_precision=10 warmup=False warmup_iterations=100000)
rootdir: C:\H dir\My Projects\Polyglot Ffi Contract Verifier
configfile: pytest.ini (WARNING: ignoring pytest config in pyproject.toml!)
plugins: benchmark-5.2.3, cov-7.0.0, timeout-2.4.0
collected 1638 items

tests\tests.py ......................................................... [  3%]
.............................F.......................................... [  7%]
........................................................................ [ 12%]
........................................................................ [ 16%]
........................................................................ [ 21%]
....................................F................................... [ 25%]
........................................................................ [ 29%]
.................................................F...................... [ 34%]
........................................................................ [ 38%]
........................................................................ [ 43%]
........................................................................ [ 47%]
...................................................................F.... [ 51%]
........................................................................ [ 56%]
........................................................................ [ 60%]
........................................................................ [ 65%]
........................................................................ [ 69%]
........................................................................ [ 73%]
........................................................................ [ 78%]
........................................F............................... [ 82%]
.............F..F....................................................... [ 86%]
........................................................................ [ 91%]
........................................................................ [ 95%]
.....................................................................    [100%]

================================== FAILURES ===================================
__________________________ test_performance_profiler __________________________
tests\tests.py:2191: in test_performance_profiler
    assert profiler.stage_profiles["test_stage"]["wall_time"] >= 0.1
           ^^^^^^^^^^^^^^^^^^^^^^^^^^^^^^^^^^^^^^^^^^^^^^^^^^
E   TypeError: 'float' object is not subscriptable
---------------------------- Captured stdout call -----------------------------
Testing PerformanceProfiler...
_____ TestContractDeserializer.test_deserialize_with_integrity_corrupted ______
tests\tests.py:5293: in test_deserialize_with_integrity_corrupted
    deserializer.deserialize(corrupted)
modules\module_06_contract_schema\contract_serialization.py:242: in deserialize
    self._verify_integrity(json_str, data)
modules\module_06_contract_schema\contract_serialization.py:288: in _verify_integrity
    raise ContractIntegrityError("Checksum verification failed - contract may be corrupted")
E   module_06_contract_schema.contract_serialization.ContractIntegrityError: Checksum verification failed - contract may be corrupted
____________ TestDiagnosticMessage.test_format_terminal_with_color ____________
tests\tests.py:7265: in test_format_terminal_with_color
    assert "\033[91m" in fmt  # Red for error
    ^^^^^^^^^^^^^^^^^^^^^^^^
E   AssertionError: assert '\x1b[91m' in 'ERROR: [user] Test\x1b[0m\n\nDesc'
_______________ TestIROrchestrator.test_input_preparation_error _______________
modules\module_05_ir_normalization\ir_orchestrator.py:308: in _stage_input_preparation
    self.raw_data = json.load(f)
                    ^^^^^^^^^^^^
C:\Users\Trojan\AppData\Local\Programs\Python\Python313\Lib\json\__init__.py:293: in load
    return loads(fp.read(),
C:\Users\Trojan\AppData\Local\Programs\Python\Python313\Lib\json\__init__.py:346: in loads
    return _default_decoder.decode(s)
           ^^^^^^^^^^^^^^^^^^^^^^^^^^
C:\Users\Trojan\AppData\Local\Programs\Python\Python313\Lib\json\decoder.py:345: in decode
    obj, end = self.raw_decode(s, idx=_w(s, 0).end())
               ^^^^^^^^^^^^^^^^^^^^^^^^^^^^^^^^^^^^^^
C:\Users\Trojan\AppData\Local\Programs\Python\Python313\Lib\json\decoder.py:363: in raw_decode
    raise JSONDecodeError("Expecting value", s, err.value) from None
E   json.decoder.JSONDecodeError: Expecting value: line 1 column 1 (char 0)

During handling of the above exception, another exception occurred:
tests\tests.py:9465: in test_input_preparation_error
    orchestrator.execute()
modules\module_05_ir_normalization\ir_orchestrator.py:265: in execute
    self._stage_input_preparation()
modules\module_05_ir_normalization\ir_orchestrator.py:319: in _stage_input_preparation
    raise IRConfigError("input_preparation", f"Failed to load input: {e}")
E   module_05_ir_normalization.ir_orchestrator.IRConfigError: [input_preparation] Failed to load input: Expecting value: line 1 column 1 (char 0)
---------------------------- Captured stdout call -----------------------------
================================================================================
IR NORMALIZATION PIPELINE
================================================================================

[Input Preparation] Starting...

ERROR [input_preparation]: Failed to load input: Expecting value: line 1 column 1 (char 0)
________________ TestCircularTypedefError.test_error_creation _________________
tests\tests.py:12482: in test_error_creation
    assert isinstance(error, IngestionError)
E   AssertionError: assert False
E    +  where False = isinstance(CircularTypedefError('Circular: A -> B -> A'), IngestionError)
____________ TestPerformanceProfiler.test_profiler_initialization _____________
tests\tests.py:13992: in test_profiler_initialization
    assert not profiler.enabled
E   assert not True
E    +  where True = <module_05_ir_normalization.performance.PerformanceProfiler object at 0x0000016AFF345D10>.enabled
____________ TestPerformanceProfiler.test_profile_context_disabled ____________
tests\tests.py:14015: in test_profile_context_disabled
    assert "test" not in profiler.timings
E   AssertionError: assert 'test' not in {'test': 3.9999940781854093e-07}
E    +  where {'test': 3.9999940781854093e-07} = <module_05_ir_normalization.performance.PerformanceProfiler object at 0x0000016AF9079910>.timings
============================== warnings summary ===============================
tests\tests.py:420
  C:\H dir\My Projects\Polyglot Ffi Contract Verifier\tests\tests.py:420: PytestUnknownMarkWarning: Unknown pytest.mark.compatibility - is this a typo?  You can register custom marks to avoid this warning - for details, see https://docs.pytest.org/en/stable/how-to/mark.html
    @pytest.mark.compatibility

tests\tests.py:533
  C:\H dir\My Projects\Polyglot Ffi Contract Verifier\tests\tests.py:533: PytestUnknownMarkWarning: Unknown pytest.mark.compatibility - is this a typo?  You can register custom marks to avoid this warning - for details, see https://docs.pytest.org/en/stable/how-to/mark.html
    @pytest.mark.compatibility

tests\tests.py:1858
  C:\H dir\My Projects\Polyglot Ffi Contract Verifier\tests\tests.py:1858: PytestUnknownMarkWarning: Unknown pytest.mark.stress - is this a typo?  You can register custom marks to avoid this warning - for details, see https://docs.pytest.org/en/stable/how-to/mark.html
    @pytest.mark.stress

tests\tests.py:1985
  C:\H dir\My Projects\Polyglot Ffi Contract Verifier\tests\tests.py:1985: PytestUnknownMarkWarning: Unknown pytest.mark.system - is this a typo?  You can register custom marks to avoid this warning - for details, see https://docs.pytest.org/en/stable/how-to/mark.html
    @pytest.mark.system

tests\tests.py:2077
  C:\H dir\My Projects\Polyglot Ffi Contract Verifier\tests\tests.py:2077: PytestUnknownMarkWarning: Unknown pytest.mark.system - is this a typo?  You can register custom marks to avoid this warning - for details, see https://docs.pytest.org/en/stable/how-to/mark.html
    @pytest.mark.system

-- Docs: https://docs.pytest.org/en/stable/how-to/capture-warnings.html

------------------------------------------------------------------------------------------------------------- benchmark: 13 tests --------------------------------------------------------------------------------------------------------------
Name (time in ns)                            Min                        Max                      Mean                  StdDev                    Median                    IQR            Outliers             OPS            Rounds  Iterations
------------------------------------------------------------------------------------------------------------------------------------------------------------------------------------------------------------------------------------------------
test_enforcement_post_call              310.0000 (1.0)           9,477.5000 (1.0)            350.6834 (1.0)          152.1525 (1.0)            337.5000 (1.0)          20.0000 (>1000.0) 1275;2734  2,851,574.6915 (1.0)       74627          40
test_enforcement_pre_call               499.9984 (1.61)        120,400.0000 (12.70)          603.6024 (1.72)         561.7770 (3.69)           599.9991 (1.78)          0.0018 (1.0)     696;44730  1,656,719.7411 (0.58)     166667           1
test_enforcement_setup                3,400.0004 (10.97)       223,700.0008 (23.60)        3,994.7687 (11.39)      1,907.5059 (12.54)        3,900.0006 (11.56)       200.0015 (>1000.0)  404;2278    250,327.3851 (0.09)      81968           1
test_clause_lookup_by_id              3,699.9991 (11.94)       292,500.0008 (30.86)        4,392.5968 (12.53)      3,754.0832 (24.67)        4,199.9992 (12.44)       299.9986 (>1000.0) 1383;3509    227,655.7662 (0.08)     131579           1
test_generation_small                 3,899.9988 (12.58)        18,200.0003 (1.92)         4,429.3577 (12.63)        311.0361 (2.04)         4,400.0008 (13.04)       299.9986 (>1000.0)  1357;136    225,766.3679 (0.08)      10011           1
test_validation_schema_small          5,899.9995 (19.03)       203,999.9999 (21.52)        6,680.6232 (19.05)      1,953.8380 (12.84)        6,599.9993 (19.56)       399.9994 (>1000.0)   155;724    149,686.6348 (0.05)      35336           1
test_clause_lookup_by_type            9,200.0009 (29.68)       329,000.0004 (34.71)       10,633.3875 (30.32)      5,773.1802 (37.94)       10,200.0013 (30.22)       699.9999 (>1000.0)  979;3837     94,043.4077 (0.03)      71943           1
test_validation_schema_medium        48,500.0000 (156.45)      491,299.9993 (51.84)       53,675.9615 (153.06)     6,939.1606 (45.61)       53,399.9992 (158.22)    2,500.0008 (>1000.0)   216;323     18,630.3137 (0.01)      13624           1
test_serialize_small                132,600.0001 (427.74)      614,000.0005 (64.79)      146,696.1518 (418.32)    23,368.5674 (153.59)     142,999.9993 (423.70)    7,749.9999 (>1000.0)   149;265      6,816.8114 (0.00)       3820           1
test_validation_schema_large        200,399.9998 (646.45)      649,699.9995 (68.55)      236,188.2138 (673.51)    43,301.9431 (284.60)     224,599.9995 (665.48)   19,049.9986 (>1000.0)   213;269      4,233.9115 (0.00)       3012           1
test_diff_medium_contracts          349,800.0005 (>1000.0)     966,300.0001 (101.96)     380,092.5099 (>1000.0)   37,763.3576 (248.19)     374,349.9992 (>1000.0)  18,100.0005 (>1000.0)     69;81      2,630.9385 (0.00)       2016           1
test_deserialize_medium           1,043,799.9990 (>1000.0)  14,021,099.9998 (>1000.0)  1,188,705.2869 (>1000.0)  986,300.5335 (>1000.0)  1,094,200.0008 (>1000.0)  33,899.9980 (>1000.0)      6;79        841.2514 (0.00)        889           1
test_serialize_medium             1,237,500.0006 (>1000.0)   2,141,400.0003 (225.95)   1,335,543.3963 (>1000.0)   89,682.0782 (589.42)   1,318,800.0003 (>1000.0)  58,449.9994 (>1000.0)     38;29        748.7589 (0.00)        636           1
------------------------------------------------------------------------------------------------------------------------------------------------------------------------------------------------------------------------------------------------

Legend:
  Outliers: 1 Standard Deviation from Mean; 1.5 IQR (InterQuartile Range) from 1st Quartile and 3rd Quartile.
  OPS: Operations Per Second, computed as 1 / Mean
=========================== short test summary info ===========================
FAILED tests/tests.py::test_performance_profiler - TypeError: 'float' object ...
FAILED tests/tests.py::TestContractDeserializer::test_deserialize_with_integrity_corrupted
FAILED tests/tests.py::TestDiagnosticMessage::test_format_terminal_with_color
FAILED tests/tests.py::TestIROrchestrator::test_input_preparation_error - mod...
FAILED tests/tests.py::TestCircularTypedefError::test_error_creation - Assert...
FAILED tests/tests.py::TestPerformanceProfiler::test_profiler_initialization
FAILED tests/tests.py::TestPerformanceProfiler::test_profile_context_disabled
================= 7 failed, 1631 passed, 5 warnings in 12.62s =================
